[  1] prvni..................................................................OK
[  2] druhy: 3 subtests
    sub1.....................................................................OK
    sub2...................................................................FAIL
        assert '0' (all-fail.c:16)

    sub3.....................................................................OK
[  2] druhy (overall)......................................................FAIL
[  3] treti................................................................FAIL
    assert '0' (all-fail.c:24)

[  4] ctvrty..........................................................SIGNALLED
    signal: SIGSEGV (11)
    debug messages:
      co to je? asi 6 (all-fail.c:28)
      tohle jeste uvidim (all-fail.c:30)

[  5] paty............................................................TIMED OUT
    timed out (1 s)

[  6] sesty..................................................................OK
[  7] osm..............................................................NON ZERO
    return code: 10
    debug messages:
      sedmy test neni (all-fail.c:47)


Summary:
  tests:          7
  succeeded:      2
  filtered out:   0
  suppressed:     0
  skipped:        0
  failed:         5

Points:           0.00
