[  1] cppCout................................................................OK

Summary:
  tests:          1
  succeeded:      1
  filtered out:   0
  suppressed:     0
  skipped:        0
  failed:         0

Points:           0.00
