[  1] debugFail............................................................FAIL
    assert '0' (debug-fail.c:5)
    debug messages:
      Line: 4 (debug-fail.c:4)


Summary:
  tests:          1
  succeeded:      0
  filtered out:   0
  suppressed:     0
  skipped:        0
  failed:         1

Points:           0.00
