[  1] debugSuccess...........................................................OK
    debug messages:
      Line: 4 (debug-pass.c:4)


Summary:
  tests:          1
  succeeded:      1
  filtered out:   0
  suppressed:     0
  skipped:        0
  failed:         0

Points:           0.00
