[  1] input..................................................................OK

Summary:
  tests:          1
  succeeded:      1
  filtered out:   0
  suppressed:     0
  skipped:        0
  failed:         0
