[  1] 1OK....................................................................OK
[  2] 2FAIL...........................................................SIGNALLED
    signal: SIGSEGV (11)

[  3] 3OK....................................................................OK

Summary:
  tests:          3
  succeeded:      2
  filtered out:   0
  suppressed:     0
  skipped:        0
  failed:         1
