[  1] repeated: 6 subtests
    some name #1.............................................................OK
              #2.............................................................OK
              #3.............................................................OK
              #4.............................................................OK
              #5.............................................................OK
              #6.............................................................OK
[  1] repeated (overall).....................................................OK

Summary:
  tests:          1
  succeeded:      1
  filtered out:   0
  suppressed:     0
  skipped:        0
  failed:         0

Points:           0.00
