[  1] withSubtest: 4 subtests
    S1.....................................................................FAIL
        check '0' (simple-subtest-fail.c:7)

    S2 (failing)...........................................................FAIL
        assert '0' (simple-subtest-fail.c:12)

    S3.......................................................................OK
    S4................................................................SIGNALLED
        signal: SIGSEGV (11)

[  1] withSubtest (overall)................................................FAIL

Summary:
  tests:          1
  succeeded:      0
  filtered out:   0
  suppressed:     0
  skipped:        0
  failed:         1
