[  1] withSubtest: 2 subtests
    S1.......................................................................OK
    S2.......................................................................OK
[  1] withSubtest (overall)..................................................OK

Summary:
  tests:          1
  succeeded:      1
  filtered out:   0
  suppressed:     0
  skipped:        0
  failed:         0
