[  1] success................................................................OK
[  2] suppressed.....................................................SUPPRESSED

Summary:
  tests:          2
  succeeded:      1
  filtered out:   0
  suppressed:     1
  skipped:        0
  failed:         0

Points:           1.00
